// Jest Snapshot v1, https://goo.gl/fbAQLP

exports[`CardContainer should render correctly and match the snapshot 1`] = `
ShallowWrapper {
  "length": 1,
  Symbol(enzyme.__root__): [Circular],
  Symbol(enzyme.__unrendered__): <CardContainer
    cardData={
        Array [
            Object {
              "Homeworld": "Tatooine",
              "Population": "200000",
              "Species": "Human",
              "id": 1507831320587,
              "isFavorite": false,
              "name": "Luke Skywalker",
              "type": "people",
            },
          ]
    }
    handleLoadMore={[Function]}
    toggleFavorite={[Function]}
/>,
  Symbol(enzyme.__renderer__): Object {
    "batchedUpdates": [Function],
    "getNode": [Function],
    "render": [Function],
    "simulateEvent": [Function],
    "unmount": [Function],
  },
  Symbol(enzyme.__node__): Object {
    "instance": null,
    "key": null,
    "nodeType": "host",
    "props": Object {
      "children": Array [
        Array [
          <Card
            cardData={
                        Object {
                                    "Homeworld": "Tatooine",
                                    "Population": "200000",
                                    "Species": "Human",
                                    "id": 1507831320587,
                                    "isFavorite": false,
                                    "name": "Luke Skywalker",
                                    "type": "people",
                                  }
            }
            toggleFavorite={[Function]}
/>,
        ],
        <div
          className="load-more"
>
          <Button
                    label="Load More"
                    onClick={[Function]}
          />
</div>,
      ],
      "className": "cardContainer",
    },
    "ref": null,
    "rendered": Array [
      Object {
        "instance": null,
        "key": "0",
        "nodeType": "function",
        "props": Object {
          "cardData": Object {
            "Homeworld": "Tatooine",
            "Population": "200000",
            "Species": "Human",
            "id": 1507831320587,
            "isFavorite": false,
            "name": "Luke Skywalker",
            "type": "people",
          },
          "toggleFavorite": [Function],
        },
        "ref": null,
        "rendered": null,
        "type": [Function],
      },
      Object {
        "instance": null,
        "key": null,
        "nodeType": "host",
        "props": Object {
          "children": <Button
            label="Load More"
            onClick={[Function]}
/>,
          "className": "load-more",
        },
        "ref": null,
        "rendered": Object {
          "instance": null,
          "key": null,
          "nodeType": "function",
          "props": Object {
            "label": "Load More",
            "onClick": [Function],
          },
          "ref": null,
          "rendered": null,
          "type": [Function],
        },
        "type": "div",
      },
    ],
    "type": "div",
  },
  Symbol(enzyme.__nodes__): Array [
    Object {
      "instance": null,
      "key": null,
      "nodeType": "host",
      "props": Object {
        "children": Array [
          Array [
            <Card
              cardData={
                            Object {
                                          "Homeworld": "Tatooine",
                                          "Population": "200000",
                                          "Species": "Human",
                                          "id": 1507831320587,
                                          "isFavorite": false,
                                          "name": "Luke Skywalker",
                                          "type": "people",
                                        }
              }
              toggleFavorite={[Function]}
/>,
          ],
          <div
            className="load-more"
>
            <Button
                        label="Load More"
                        onClick={[Function]}
            />
</div>,
        ],
        "className": "cardContainer",
      },
      "ref": null,
      "rendered": Array [
        Object {
          "instance": null,
          "key": "0",
          "nodeType": "function",
          "props": Object {
            "cardData": Object {
              "Homeworld": "Tatooine",
              "Population": "200000",
              "Species": "Human",
              "id": 1507831320587,
              "isFavorite": false,
              "name": "Luke Skywalker",
              "type": "people",
            },
            "toggleFavorite": [Function],
          },
          "ref": null,
          "rendered": null,
          "type": [Function],
        },
        Object {
          "instance": null,
          "key": null,
          "nodeType": "host",
          "props": Object {
            "children": <Button
              label="Load More"
              onClick={[Function]}
/>,
            "className": "load-more",
          },
          "ref": null,
          "rendered": Object {
            "instance": null,
            "key": null,
            "nodeType": "function",
            "props": Object {
              "label": "Load More",
              "onClick": [Function],
            },
            "ref": null,
            "rendered": null,
            "type": [Function],
          },
          "type": "div",
        },
      ],
      "type": "div",
    },
  ],
  Symbol(enzyme.__options__): Object {
    "adapter": ReactSixteenAdapter {
      "options": Object {
        "enableComponentDidUpdateOnSetState": true,
      },
    },
  },
}
`;
