// Jest Snapshot v1, https://goo.gl/fbAQLP

exports[`Header should render correctly and match the snapshot 1`] = `
ShallowWrapper {
  "length": 1,
  Symbol(enzyme.__root__): [Circular],
  Symbol(enzyme.__unrendered__): <Header
    favCount={[Function]}
/>,
  Symbol(enzyme.__renderer__): Object {
    "batchedUpdates": [Function],
    "getNode": [Function],
    "render": [Function],
    "simulateEvent": [Function],
    "unmount": [Function],
  },
  Symbol(enzyme.__node__): Object {
    "instance": null,
    "key": null,
    "nodeType": "host",
    "props": Object {
      "children": Array [
        <a
          href="/"
>
          <img
                    alt="logo"
                    src="logo.svg"
          />
</a>,
        <nav>
          <NavLink
                    activeClassName="active"
                    ariaCurrent="true"
                    to="/people"
          >
                    People
          </NavLink>
          <NavLink
                    activeClassName="active"
                    ariaCurrent="true"
                    to="/planets"
          >
                    Planets
          </NavLink>
          <NavLink
                    activeClassName="active"
                    ariaCurrent="true"
                    to="/vehicles"
          >
                    Vehicles
          </NavLink>
          <NavLink
                    activeClassName="active"
                    ariaCurrent="true"
                    to="/favorites"
          >
                    Favorites 
                    <i>
                              (
                              [Function]
                              )
                    </i>
          </NavLink>
</nav>,
      ],
      "className": "header",
    },
    "ref": null,
    "rendered": Array [
      Object {
        "instance": null,
        "key": null,
        "nodeType": "host",
        "props": Object {
          "children": <img
            alt="logo"
            src="logo.svg"
/>,
          "href": "/",
        },
        "ref": null,
        "rendered": Object {
          "instance": null,
          "key": null,
          "nodeType": "host",
          "props": Object {
            "alt": "logo",
            "src": "logo.svg",
          },
          "ref": null,
          "rendered": null,
          "type": "img",
        },
        "type": "a",
      },
      Object {
        "instance": null,
        "key": null,
        "nodeType": "host",
        "props": Object {
          "children": Array [
            <NavLink
              activeClassName="active"
              ariaCurrent="true"
              to="/people"
>
              People
</NavLink>,
            <NavLink
              activeClassName="active"
              ariaCurrent="true"
              to="/planets"
>
              Planets
</NavLink>,
            <NavLink
              activeClassName="active"
              ariaCurrent="true"
              to="/vehicles"
>
              Vehicles
</NavLink>,
            <NavLink
              activeClassName="active"
              ariaCurrent="true"
              to="/favorites"
>
              Favorites 
              <i>
                            (
                            [Function]
                            )
              </i>
</NavLink>,
          ],
        },
        "ref": null,
        "rendered": Array [
          Object {
            "instance": null,
            "key": null,
            "nodeType": "function",
            "props": Object {
              "activeClassName": "active",
              "ariaCurrent": "true",
              "children": "People",
              "to": "/people",
            },
            "ref": null,
            "rendered": "People",
            "type": [Function],
          },
          Object {
            "instance": null,
            "key": null,
            "nodeType": "function",
            "props": Object {
              "activeClassName": "active",
              "ariaCurrent": "true",
              "children": "Planets",
              "to": "/planets",
            },
            "ref": null,
            "rendered": "Planets",
            "type": [Function],
          },
          Object {
            "instance": null,
            "key": null,
            "nodeType": "function",
            "props": Object {
              "activeClassName": "active",
              "ariaCurrent": "true",
              "children": "Vehicles",
              "to": "/vehicles",
            },
            "ref": null,
            "rendered": "Vehicles",
            "type": [Function],
          },
          Object {
            "instance": null,
            "key": null,
            "nodeType": "function",
            "props": Object {
              "activeClassName": "active",
              "ariaCurrent": "true",
              "children": Array [
                "Favorites ",
                <i>
                  (
                  [Function]
                  )
</i>,
              ],
              "to": "/favorites",
            },
            "ref": null,
            "rendered": Array [
              "Favorites ",
              Object {
                "instance": null,
                "key": null,
                "nodeType": "host",
                "props": Object {
                  "children": Array [
                    "(",
                    [Function],
                    ")",
                  ],
                },
                "ref": null,
                "rendered": Array [
                  "(",
                  [Function],
                  ")",
                ],
                "type": "i",
              },
            ],
            "type": [Function],
          },
        ],
        "type": "nav",
      },
    ],
    "type": "div",
  },
  Symbol(enzyme.__nodes__): Array [
    Object {
      "instance": null,
      "key": null,
      "nodeType": "host",
      "props": Object {
        "children": Array [
          <a
            href="/"
>
            <img
                        alt="logo"
                        src="logo.svg"
            />
</a>,
          <nav>
            <NavLink
                        activeClassName="active"
                        ariaCurrent="true"
                        to="/people"
            >
                        People
            </NavLink>
            <NavLink
                        activeClassName="active"
                        ariaCurrent="true"
                        to="/planets"
            >
                        Planets
            </NavLink>
            <NavLink
                        activeClassName="active"
                        ariaCurrent="true"
                        to="/vehicles"
            >
                        Vehicles
            </NavLink>
            <NavLink
                        activeClassName="active"
                        ariaCurrent="true"
                        to="/favorites"
            >
                        Favorites 
                        <i>
                                    (
                                    [Function]
                                    )
                        </i>
            </NavLink>
</nav>,
        ],
        "className": "header",
      },
      "ref": null,
      "rendered": Array [
        Object {
          "instance": null,
          "key": null,
          "nodeType": "host",
          "props": Object {
            "children": <img
              alt="logo"
              src="logo.svg"
/>,
            "href": "/",
          },
          "ref": null,
          "rendered": Object {
            "instance": null,
            "key": null,
            "nodeType": "host",
            "props": Object {
              "alt": "logo",
              "src": "logo.svg",
            },
            "ref": null,
            "rendered": null,
            "type": "img",
          },
          "type": "a",
        },
        Object {
          "instance": null,
          "key": null,
          "nodeType": "host",
          "props": Object {
            "children": Array [
              <NavLink
                activeClassName="active"
                ariaCurrent="true"
                to="/people"
>
                People
</NavLink>,
              <NavLink
                activeClassName="active"
                ariaCurrent="true"
                to="/planets"
>
                Planets
</NavLink>,
              <NavLink
                activeClassName="active"
                ariaCurrent="true"
                to="/vehicles"
>
                Vehicles
</NavLink>,
              <NavLink
                activeClassName="active"
                ariaCurrent="true"
                to="/favorites"
>
                Favorites 
                <i>
                                (
                                [Function]
                                )
                </i>
</NavLink>,
            ],
          },
          "ref": null,
          "rendered": Array [
            Object {
              "instance": null,
              "key": null,
              "nodeType": "function",
              "props": Object {
                "activeClassName": "active",
                "ariaCurrent": "true",
                "children": "People",
                "to": "/people",
              },
              "ref": null,
              "rendered": "People",
              "type": [Function],
            },
            Object {
              "instance": null,
              "key": null,
              "nodeType": "function",
              "props": Object {
                "activeClassName": "active",
                "ariaCurrent": "true",
                "children": "Planets",
                "to": "/planets",
              },
              "ref": null,
              "rendered": "Planets",
              "type": [Function],
            },
            Object {
              "instance": null,
              "key": null,
              "nodeType": "function",
              "props": Object {
                "activeClassName": "active",
                "ariaCurrent": "true",
                "children": "Vehicles",
                "to": "/vehicles",
              },
              "ref": null,
              "rendered": "Vehicles",
              "type": [Function],
            },
            Object {
              "instance": null,
              "key": null,
              "nodeType": "function",
              "props": Object {
                "activeClassName": "active",
                "ariaCurrent": "true",
                "children": Array [
                  "Favorites ",
                  <i>
                    (
                    [Function]
                    )
</i>,
                ],
                "to": "/favorites",
              },
              "ref": null,
              "rendered": Array [
                "Favorites ",
                Object {
                  "instance": null,
                  "key": null,
                  "nodeType": "host",
                  "props": Object {
                    "children": Array [
                      "(",
                      [Function],
                      ")",
                    ],
                  },
                  "ref": null,
                  "rendered": Array [
                    "(",
                    [Function],
                    ")",
                  ],
                  "type": "i",
                },
              ],
              "type": [Function],
            },
          ],
          "type": "nav",
        },
      ],
      "type": "div",
    },
  ],
  Symbol(enzyme.__options__): Object {
    "adapter": ReactSixteenAdapter {
      "options": Object {
        "enableComponentDidUpdateOnSetState": true,
      },
    },
  },
}
`;
